[Mon Sep 26 02:20:37.504047 2016] [:error] [pid 525] [client 127.0.0.1:45576] PHP Warning:  require(../views/dashboard.php): failed to open stream: No such file or directory in /home/arin/soft-dev/http/vhosts/bingtek/public_html/index.php on line 13
[Mon Sep 26 02:20:37.504131 2016] [:error] [pid 525] [client 127.0.0.1:45576] PHP Fatal error:  require(): Failed opening required '../views/dashboard.php' (include_path='.:') in /home/arin/soft-dev/http/vhosts/bingtek/public_html/index.php on line 13
[Sat Oct 08 02:05:05.392884 2016] [:error] [pid 511] [client 127.0.0.1:48796] PHP Parse error:  syntax error, unexpected '.' in /home/arin/soft-dev/http/vhosts/bingtek/public_html/index.php on line 1
[Sat Oct 08 02:05:10.133617 2016] [:error] [pid 512] [client 127.0.0.1:48798] PHP Parse error:  syntax error, unexpected '.' in /home/arin/soft-dev/http/vhosts/bingtek/public_html/index.php on line 1
[Sat Oct 08 02:05:10.899934 2016] [:error] [pid 513] [client 127.0.0.1:48800] PHP Parse error:  syntax error, unexpected '.' in /home/arin/soft-dev/http/vhosts/bingtek/public_html/index.php on line 1
[Sat Oct 08 02:05:18.728898 2016] [:error] [pid 512] [client 127.0.0.1:48808] PHP Parse error:  syntax error, unexpected '.' in /home/arin/soft-dev/http/vhosts/bingtek/public_html/index.php on line 1
[Sat Oct 08 02:11:26.877051 2016] [:error] [pid 3975] [client 127.0.0.1:48810] PHP Parse error:  syntax error, unexpected '.' in /home/arin/soft-dev/http/vhosts/bingtek/public_html/index.php on line 1
[Sat Oct 08 02:11:52.562169 2016] [:error] [pid 3976] [client 127.0.0.1:48812] PHP Parse error:  syntax error, unexpected '<', expecting end of file in /home/arin/soft-dev/http/vhosts/bingtek/public_html/index.php on line 2
[Sat Oct 08 02:12:06.086188 2016] [:error] [pid 3979] [client 127.0.0.1:48818] PHP Parse error:  syntax error, unexpected '$routes' (T_VARIABLE) in /home/arin/soft-dev/http/vhosts/bingtek/public_html/index.php on line 15
[Sat Oct 08 02:12:28.266984 2016] [:error] [pid 3976] [client 127.0.0.1:48824] PHP Parse error:  syntax error, unexpected '{' in /home/arin/soft-dev/http/vhosts/bingtek/controllers/routes.php on line 6
[Sat Oct 08 02:21:14.995083 2016] [:error] [pid 3977] [client 127.0.0.1:48826] PHP Parse error:  syntax error, unexpected '"location: ../views/home.php"' (T_CONSTANT_ENCAPSED_STRING) in /home/arin/soft-dev/http/vhosts/bingtek/controllers/routes.php on line 18
[Sat Oct 08 02:22:25.161927 2016] [:error] [pid 3978] [client 127.0.0.1:48828] PHP Notice:  Use of undefined constant link_route - assumed 'link_route' in /home/arin/soft-dev/http/vhosts/bingtek/controllers/routes.php on line 16
[Sat Oct 08 02:26:32.635639 2016] [:error] [pid 4116] [client 127.0.0.1:48854] PHP Notice:  Array to string conversion in /home/arin/soft-dev/http/vhosts/bingtek/controllers/routes.php on line 20
[Sat Oct 08 02:26:32.635789 2016] [:error] [pid 4116] [client 127.0.0.1:48854] PHP Warning:  require(Array): failed to open stream: No such file or directory in /home/arin/soft-dev/http/vhosts/bingtek/controllers/routes.php on line 20
[Sat Oct 08 02:26:32.635824 2016] [:error] [pid 4116] [client 127.0.0.1:48854] PHP Fatal error:  require(): Failed opening required 'Array' (include_path='.:') in /home/arin/soft-dev/http/vhosts/bingtek/controllers/routes.php on line 20
[Sat Oct 08 02:27:26.877527 2016] [:error] [pid 3976] [client 127.0.0.1:48866] PHP Warning:  require(array(home)): failed to open stream: No such file or directory in /home/arin/soft-dev/http/vhosts/bingtek/controllers/routes.php on line 20
[Sat Oct 08 02:27:26.877566 2016] [:error] [pid 3976] [client 127.0.0.1:48866] PHP Fatal error:  require(): Failed opening required 'array(home)' (include_path='.:') in /home/arin/soft-dev/http/vhosts/bingtek/controllers/routes.php on line 20
[Sat Oct 08 02:32:03.451864 2016] [:error] [pid 3998] [client 127.0.0.1:48890] PHP Notice:  Undefined index:  in /home/arin/soft-dev/http/vhosts/bingtek/controllers/routes.php on line 20
[Sat Oct 08 02:32:03.451919 2016] [:error] [pid 3998] [client 127.0.0.1:48890] PHP Warning:  require(): Filename cannot be empty in /home/arin/soft-dev/http/vhosts/bingtek/controllers/routes.php on line 20
[Sat Oct 08 02:32:03.451942 2016] [:error] [pid 3998] [client 127.0.0.1:48890] PHP Fatal error:  require(): Failed opening required '' (include_path='.:') in /home/arin/soft-dev/http/vhosts/bingtek/controllers/routes.php on line 20
[Sat Oct 08 02:33:33.267089 2016] [:error] [pid 3975] [client 127.0.0.1:48902] PHP Notice:  Undefined index:  in /home/arin/soft-dev/http/vhosts/bingtek/controllers/routes.php on line 16
[Sat Oct 08 02:33:33.267143 2016] [:error] [pid 3975] [client 127.0.0.1:48902] PHP Notice:  Undefined index:  in /home/arin/soft-dev/http/vhosts/bingtek/controllers/routes.php on line 20
[Sat Oct 08 02:33:33.267179 2016] [:error] [pid 3975] [client 127.0.0.1:48902] PHP Warning:  require(): Filename cannot be empty in /home/arin/soft-dev/http/vhosts/bingtek/controllers/routes.php on line 20
[Sat Oct 08 02:33:33.267202 2016] [:error] [pid 3975] [client 127.0.0.1:48902] PHP Fatal error:  require(): Failed opening required '' (include_path='.:') in /home/arin/soft-dev/http/vhosts/bingtek/controllers/routes.php on line 20
[Sat Oct 08 02:35:09.085972 2016] [:error] [pid 4210] [client 127.0.0.1:48914] PHP Notice:  Undefined index:   in /home/arin/soft-dev/http/vhosts/bingtek/controllers/routes.php on line 16
[Sat Oct 08 02:35:09.086025 2016] [:error] [pid 4210] [client 127.0.0.1:48914] PHP Notice:  Undefined index:   in /home/arin/soft-dev/http/vhosts/bingtek/controllers/routes.php on line 16
[Sat Oct 08 02:35:09.086032 2016] [:error] [pid 4210] [client 127.0.0.1:48914] PHP Notice:  Undefined index:   in /home/arin/soft-dev/http/vhosts/bingtek/controllers/routes.php on line 20
[Sat Oct 08 02:35:09.086052 2016] [:error] [pid 4210] [client 127.0.0.1:48914] PHP Warning:  require(): Filename cannot be empty in /home/arin/soft-dev/http/vhosts/bingtek/controllers/routes.php on line 20
[Sat Oct 08 02:35:09.086063 2016] [:error] [pid 4210] [client 127.0.0.1:48914] PHP Fatal error:  require(): Failed opening required '' (include_path='.:') in /home/arin/soft-dev/http/vhosts/bingtek/controllers/routes.php on line 20
[Sat Oct 08 02:36:18.782151 2016] [:error] [pid 4116] [client 127.0.0.1:48926] PHP Parse error:  syntax error, unexpected '$route' (T_VARIABLE) in /home/arin/soft-dev/http/vhosts/bingtek/controllers/routes.php on line 16
[Sat Oct 08 02:36:39.040556 2016] [:error] [pid 3975] [client 127.0.0.1:48938] PHP Parse error:  syntax error, unexpected 'route' (T_STRING) in /home/arin/soft-dev/http/vhosts/bingtek/controllers/routes.php on line 16
[Sat Oct 08 02:42:14.491601 2016] [:error] [pid 3976] [client 127.0.0.1:48982] PHP Warning:  include(../controllers/routes): failed to open stream: No such file or directory in /home/arin/soft-dev/http/vhosts/bingtek/views/nav.php on line 1
[Sat Oct 08 02:42:14.491658 2016] [:error] [pid 3976] [client 127.0.0.1:48982] PHP Warning:  include(): Failed opening '../controllers/routes' for inclusion (include_path='.:') in /home/arin/soft-dev/http/vhosts/bingtek/views/nav.php on line 1
[Sat Oct 08 02:42:29.990617 2016] [:error] [pid 4210] [client 127.0.0.1:48994] PHP Fatal error:  Cannot declare class Routes, because the name is already in use in /home/arin/soft-dev/http/vhosts/bingtek/controllers/routes.php on line 2
[Sat Oct 08 02:42:50.640049 2016] [:error] [pid 3978] [client 127.0.0.1:49006] PHP Fatal error:  Cannot declare class Routes, because the name is already in use in /home/arin/soft-dev/http/vhosts/bingtek/controllers/routes.php on line 2
[Sat Oct 08 03:09:26.611097 2016] [:error] [pid 3976] [client 127.0.0.1:49078] PHP Notice:  Undefined variable: routes in /home/arin/soft-dev/http/vhosts/bingtek/controllers/routes.php on line 18
[Sat Oct 08 03:09:26.611184 2016] [:error] [pid 3976] [client 127.0.0.1:49078] PHP Notice:  Undefined index:  in /home/arin/soft-dev/http/vhosts/bingtek/controllers/routes.php on line 18
[Sat Oct 08 03:09:26.611220 2016] [:error] [pid 3976] [client 127.0.0.1:49078] PHP Notice:  Undefined variable: routes in /home/arin/soft-dev/http/vhosts/bingtek/controllers/routes.php on line 18
[Sat Oct 08 03:09:26.611255 2016] [:error] [pid 3976] [client 127.0.0.1:49078] PHP Notice:  Undefined index:  in /home/arin/soft-dev/http/vhosts/bingtek/controllers/routes.php on line 18
[Sat Oct 08 03:09:26.611286 2016] [:error] [pid 3976] [client 127.0.0.1:49078] PHP Warning:  require(): Filename cannot be empty in /home/arin/soft-dev/http/vhosts/bingtek/public_html/index.php on line 16
[Sat Oct 08 03:09:26.611310 2016] [:error] [pid 3976] [client 127.0.0.1:49078] PHP Fatal error:  require(): Failed opening required '' (include_path='.:') in /home/arin/soft-dev/http/vhosts/bingtek/public_html/index.php on line 16
[Sat Oct 08 15:17:23.001431 2016] [:error] [pid 522] [client 127.0.0.1:56438] PHP Parse error:  syntax error, unexpected '->' (T_OBJECT_OPERATOR) in /home/arin/soft-dev/http/vhosts/bingtek/controllers/routes.php on line 15
[Sat Oct 08 15:17:52.887110 2016] [:error] [pid 3840] [client 127.0.0.1:56450] PHP Fatal error:  Uncaught Error: Call to undefined method Routes::index_routing() in /home/arin/soft-dev/http/vhosts/bingtek/views/nav.php:17\nStack trace:\n#0 /home/arin/soft-dev/http/vhosts/bingtek/public_html/index.php(13): require()\n#1 {main}\n  thrown in /home/arin/soft-dev/http/vhosts/bingtek/views/nav.php on line 17
[Sat Oct 08 15:48:46.404496 2016] [:error] [pid 525] [client 127.0.0.1:56558] PHP Notice:  Undefined variable: _route in /home/arin/soft-dev/http/vhosts/bingtek/public_html/index.php on line 30, referer: http://www.bingtek.local/
[Sat Oct 08 15:48:46.404604 2016] [:error] [pid 525] [client 127.0.0.1:56558] PHP Warning:  require(): Filename cannot be empty in /home/arin/soft-dev/http/vhosts/bingtek/public_html/index.php on line 30, referer: http://www.bingtek.local/
[Sat Oct 08 15:48:46.404628 2016] [:error] [pid 525] [client 127.0.0.1:56558] PHP Fatal error:  require(): Failed opening required '' (include_path='.:') in /home/arin/soft-dev/http/vhosts/bingtek/public_html/index.php on line 30, referer: http://www.bingtek.local/
[Sat Oct 08 15:49:16.812667 2016] [:error] [pid 522] [client 127.0.0.1:56560] PHP Notice:  Undefined variable: _route in /home/arin/soft-dev/http/vhosts/bingtek/public_html/index.php on line 30, referer: http://www.bingtek.local/
[Sat Oct 08 15:49:16.812756 2016] [:error] [pid 522] [client 127.0.0.1:56560] PHP Warning:  require(): Filename cannot be empty in /home/arin/soft-dev/http/vhosts/bingtek/public_html/index.php on line 30, referer: http://www.bingtek.local/
[Sat Oct 08 15:49:16.812798 2016] [:error] [pid 522] [client 127.0.0.1:56560] PHP Fatal error:  require(): Failed opening required '' (include_path='.:') in /home/arin/soft-dev/http/vhosts/bingtek/public_html/index.php on line 30, referer: http://www.bingtek.local/
[Sat Oct 08 15:49:20.704517 2016] [:error] [pid 524] [client 127.0.0.1:56562] PHP Notice:  Undefined variable: _route in /home/arin/soft-dev/http/vhosts/bingtek/public_html/index.php on line 30, referer: http://www.bingtek.local/
[Sat Oct 08 15:49:20.704612 2016] [:error] [pid 524] [client 127.0.0.1:56562] PHP Warning:  require(): Filename cannot be empty in /home/arin/soft-dev/http/vhosts/bingtek/public_html/index.php on line 30, referer: http://www.bingtek.local/
[Sat Oct 08 15:49:20.704645 2016] [:error] [pid 524] [client 127.0.0.1:56562] PHP Fatal error:  require(): Failed opening required '' (include_path='.:') in /home/arin/soft-dev/http/vhosts/bingtek/public_html/index.php on line 30, referer: http://www.bingtek.local/
[Sat Oct 08 15:49:23.411201 2016] [:error] [pid 524] [client 127.0.0.1:56562] PHP Notice:  Undefined variable: _route in /home/arin/soft-dev/http/vhosts/bingtek/public_html/index.php on line 30, referer: http://www.bingtek.local/
[Sat Oct 08 15:49:23.411281 2016] [:error] [pid 524] [client 127.0.0.1:56562] PHP Warning:  require(): Filename cannot be empty in /home/arin/soft-dev/http/vhosts/bingtek/public_html/index.php on line 30, referer: http://www.bingtek.local/
[Sat Oct 08 15:49:23.411308 2016] [:error] [pid 524] [client 127.0.0.1:56562] PHP Fatal error:  require(): Failed opening required '' (include_path='.:') in /home/arin/soft-dev/http/vhosts/bingtek/public_html/index.php on line 30, referer: http://www.bingtek.local/
[Sat Oct 08 15:49:50.516693 2016] [:error] [pid 523] [client 127.0.0.1:56570] PHP Warning:  require(): Filename cannot be empty in /home/arin/soft-dev/http/vhosts/bingtek/public_html/index.php on line 31, referer: http://www.bingtek.local/
[Sat Oct 08 15:49:50.516795 2016] [:error] [pid 523] [client 127.0.0.1:56570] PHP Fatal error:  require(): Failed opening required '' (include_path='.:') in /home/arin/soft-dev/http/vhosts/bingtek/public_html/index.php on line 31, referer: http://www.bingtek.local/
[Sat Oct 08 15:51:03.033955 2016] [:error] [pid 524] [client 127.0.0.1:56578] PHP Fatal error:  Uncaught Error: Using $this when not in object context in /home/arin/soft-dev/http/vhosts/bingtek/public_html/index.php:30\nStack trace:\n#0 /home/arin/soft-dev/http/vhosts/bingtek/views/nav.php(13): route('home')\n#1 /home/arin/soft-dev/http/vhosts/bingtek/public_html/index.php(12): require('/home/arin/soft...')\n#2 {main}\n  thrown in /home/arin/soft-dev/http/vhosts/bingtek/public_html/index.php on line 30, referer: http://www.bingtek.local/
[Sat Oct 08 15:51:06.710296 2016] [:error] [pid 3897] [client 127.0.0.1:56582] PHP Fatal error:  Uncaught Error: Using $this when not in object context in /home/arin/soft-dev/http/vhosts/bingtek/public_html/index.php:30\nStack trace:\n#0 /home/arin/soft-dev/http/vhosts/bingtek/views/nav.php(13): route('home')\n#1 /home/arin/soft-dev/http/vhosts/bingtek/public_html/index.php(12): require('/home/arin/soft...')\n#2 {main}\n  thrown in /home/arin/soft-dev/http/vhosts/bingtek/public_html/index.php on line 30, referer: http://www.bingtek.local/
[Sat Oct 08 15:51:06.874860 2016] [:error] [pid 524] [client 127.0.0.1:56578] PHP Fatal error:  Uncaught Error: Using $this when not in object context in /home/arin/soft-dev/http/vhosts/bingtek/public_html/index.php:30\nStack trace:\n#0 /home/arin/soft-dev/http/vhosts/bingtek/views/nav.php(13): route('home')\n#1 /home/arin/soft-dev/http/vhosts/bingtek/public_html/index.php(12): require('/home/arin/soft...')\n#2 {main}\n  thrown in /home/arin/soft-dev/http/vhosts/bingtek/public_html/index.php on line 30, referer: http://www.bingtek.local/
[Sat Oct 08 15:51:07.341562 2016] [:error] [pid 526] [client 127.0.0.1:56584] PHP Fatal error:  Uncaught Error: Using $this when not in object context in /home/arin/soft-dev/http/vhosts/bingtek/public_html/index.php:30\nStack trace:\n#0 /home/arin/soft-dev/http/vhosts/bingtek/views/nav.php(13): route('home')\n#1 /home/arin/soft-dev/http/vhosts/bingtek/public_html/index.php(12): require('/home/arin/soft...')\n#2 {main}\n  thrown in /home/arin/soft-dev/http/vhosts/bingtek/public_html/index.php on line 30, referer: http://www.bingtek.local/
[Sat Oct 08 15:51:40.095913 2016] [:error] [pid 523] [client 127.0.0.1:56586] PHP Fatal error:  Uncaught Error: Using $this when not in object context in /home/arin/soft-dev/http/vhosts/bingtek/public_html/index.php:27\nStack trace:\n#0 /home/arin/soft-dev/http/vhosts/bingtek/views/nav.php(13): route('home')\n#1 /home/arin/soft-dev/http/vhosts/bingtek/public_html/index.php(12): require('/home/arin/soft...')\n#2 {main}\n  thrown in /home/arin/soft-dev/http/vhosts/bingtek/public_html/index.php on line 27, referer: http://www.bingtek.local/
[Sat Oct 08 15:51:40.947892 2016] [:error] [pid 523] [client 127.0.0.1:56586] PHP Fatal error:  Uncaught Error: Using $this when not in object context in /home/arin/soft-dev/http/vhosts/bingtek/public_html/index.php:27\nStack trace:\n#0 /home/arin/soft-dev/http/vhosts/bingtek/views/nav.php(13): route('home')\n#1 /home/arin/soft-dev/http/vhosts/bingtek/public_html/index.php(12): require('/home/arin/soft...')\n#2 {main}\n  thrown in /home/arin/soft-dev/http/vhosts/bingtek/public_html/index.php on line 27, referer: http://www.bingtek.local/
[Sat Oct 08 15:51:43.169097 2016] [:error] [pid 525] [client 127.0.0.1:56590] PHP Fatal error:  Uncaught Error: Using $this when not in object context in /home/arin/soft-dev/http/vhosts/bingtek/public_html/index.php:27\nStack trace:\n#0 /home/arin/soft-dev/http/vhosts/bingtek/views/nav.php(13): route('home')\n#1 /home/arin/soft-dev/http/vhosts/bingtek/public_html/index.php(12): require('/home/arin/soft...')\n#2 {main}\n  thrown in /home/arin/soft-dev/http/vhosts/bingtek/public_html/index.php on line 27, referer: http://www.bingtek.local/
[Sat Oct 08 15:53:08.725839 2016] [:error] [pid 4619] [client 127.0.0.1:56596] PHP Fatal error:  Uncaught Error: Using $this when not in object context in /home/arin/soft-dev/http/vhosts/bingtek/public_html/index.php:27\nStack trace:\n#0 /home/arin/soft-dev/http/vhosts/bingtek/views/nav.php(13): route('home')\n#1 /home/arin/soft-dev/http/vhosts/bingtek/public_html/index.php(12): require('/home/arin/soft...')\n#2 {main}\n  thrown in /home/arin/soft-dev/http/vhosts/bingtek/public_html/index.php on line 27, referer: http://www.bingtek.local/
[Sat Oct 08 15:53:25.253436 2016] [:error] [pid 3897] [client 127.0.0.1:56600] PHP Fatal error:  Uncaught Error: Using $this when not in object context in /home/arin/soft-dev/http/vhosts/bingtek/public_html/index.php:27\nStack trace:\n#0 /home/arin/soft-dev/http/vhosts/bingtek/views/nav.php(13): route('home')\n#1 /home/arin/soft-dev/http/vhosts/bingtek/public_html/index.php(12): require('/home/arin/soft...')\n#2 {main}\n  thrown in /home/arin/soft-dev/http/vhosts/bingtek/public_html/index.php on line 27
[Sat Oct 08 16:02:26.789621 2016] [:error] [pid 524] [client 127.0.0.1:56618] PHP Parse error:  syntax error, unexpected 'isset' (T_ISSET), expecting '(' in /home/arin/soft-dev/http/vhosts/bingtek/public_html/index.php on line 14
[Sat Oct 08 16:02:43.002052 2016] [:error] [pid 526] [client 127.0.0.1:56622] PHP Parse error:  syntax error, unexpected '=' in /home/arin/soft-dev/http/vhosts/bingtek/views/nav.php on line 13
[Sat Oct 08 16:03:41.535530 2016] [:error] [pid 3840] [client 127.0.0.1:56630] PHP Parse error:  syntax error, unexpected '=' in /home/arin/soft-dev/http/vhosts/bingtek/views/nav.php on line 13
[Sat Oct 08 16:04:23.538044 2016] [:error] [pid 3897] [client 127.0.0.1:56636] PHP Parse error:  syntax error, unexpected '.', expecting end of file in /home/arin/soft-dev/http/vhosts/bingtek/views/nav.php on line 13
[Sat Oct 08 16:05:34.452291 2016] [:error] [pid 522] [client 127.0.0.1:56644] PHP Notice:  Undefined variable: q in /home/arin/soft-dev/http/vhosts/bingtek/public_html/index.php on line 14
[Sat Oct 08 16:05:37.609615 2016] [:error] [pid 3840] [client 127.0.0.1:56648] PHP Notice:  Undefined variable: q in /home/arin/soft-dev/http/vhosts/bingtek/public_html/index.php on line 14, referer: http://www.bingtek.local/index.php?q=home
[Sat Oct 08 16:05:39.761094 2016] [:error] [pid 3840] [client 127.0.0.1:56648] PHP Notice:  Undefined variable: q in /home/arin/soft-dev/http/vhosts/bingtek/public_html/index.php on line 14, referer: http://www.bingtek.local/index.php?q=home
[Sat Oct 08 16:05:42.037384 2016] [:error] [pid 3840] [client 127.0.0.1:56648] PHP Notice:  Undefined variable: q in /home/arin/soft-dev/http/vhosts/bingtek/public_html/index.php on line 14, referer: http://www.bingtek.local/index.php?q=about
[Sat Oct 08 16:05:43.495407 2016] [:error] [pid 3840] [client 127.0.0.1:56648] PHP Notice:  Undefined variable: q in /home/arin/soft-dev/http/vhosts/bingtek/public_html/index.php on line 14, referer: http://www.bingtek.local/index.php?q=about
[Sat Oct 08 16:05:45.306436 2016] [:error] [pid 3840] [client 127.0.0.1:56648] PHP Notice:  Undefined variable: q in /home/arin/soft-dev/http/vhosts/bingtek/public_html/index.php on line 14, referer: http://www.bingtek.local/index.php?q=home
[Sat Oct 08 16:05:46.949295 2016] [:error] [pid 3840] [client 127.0.0.1:56648] PHP Notice:  Undefined variable: q in /home/arin/soft-dev/http/vhosts/bingtek/public_html/index.php on line 14, referer: http://www.bingtek.local/index.php?q=about
[Sat Oct 08 16:05:48.287727 2016] [:error] [pid 3840] [client 127.0.0.1:56648] PHP Notice:  Undefined variable: q in /home/arin/soft-dev/http/vhosts/bingtek/public_html/index.php on line 14, referer: http://www.bingtek.local/index.php?q=home
[Sat Oct 08 16:14:26.188940 2016] [:error] [pid 3897] [client 127.0.0.1:56662] PHP Parse error:  syntax error, unexpected 'else' (T_ELSE), expecting end of file in /home/arin/soft-dev/http/vhosts/bingtek/public_html/index.php on line 44, referer: http://www.bingtek.local/index.php?q=home
[Sat Oct 08 16:14:42.848873 2016] [:error] [pid 523] [client 127.0.0.1:56676] PHP Fatal error:  Cannot use [] for reading in /home/arin/soft-dev/http/vhosts/bingtek/public_html/index.php on line 14, referer: http://www.bingtek.local/index.php?q=home
[Sat Oct 08 16:14:58.410818 2016] [:error] [pid 526] [client 127.0.0.1:56688] PHP Notice:  Undefined variable: q in /home/arin/soft-dev/http/vhosts/bingtek/public_html/index.php on line 14, referer: http://www.bingtek.local/index.php?q=home
[Sat Oct 08 16:14:58.410893 2016] [:error] [pid 526] [client 127.0.0.1:56688] PHP Notice:  Undefined index:  in /home/arin/soft-dev/http/vhosts/bingtek/public_html/index.php on line 14, referer: http://www.bingtek.local/index.php?q=home
[Sat Oct 08 16:15:04.476874 2016] [:error] [pid 525] [client 127.0.0.1:56692] PHP Notice:  Undefined variable: q in /home/arin/soft-dev/http/vhosts/bingtek/public_html/index.php on line 14, referer: http://www.bingtek.local/index.php?q=about
[Sat Oct 08 16:15:04.476932 2016] [:error] [pid 525] [client 127.0.0.1:56692] PHP Notice:  Undefined index:  in /home/arin/soft-dev/http/vhosts/bingtek/public_html/index.php on line 14, referer: http://www.bingtek.local/index.php?q=about
[Sat Oct 08 16:15:06.843031 2016] [:error] [pid 525] [client 127.0.0.1:56692] PHP Notice:  Undefined variable: q in /home/arin/soft-dev/http/vhosts/bingtek/public_html/index.php on line 14, referer: http://www.bingtek.local/index.php?q=home
[Sat Oct 08 16:15:06.843085 2016] [:error] [pid 525] [client 127.0.0.1:56692] PHP Notice:  Undefined index:  in /home/arin/soft-dev/http/vhosts/bingtek/public_html/index.php on line 14, referer: http://www.bingtek.local/index.php?q=home
[Sat Oct 08 16:15:23.609374 2016] [:error] [pid 524] [client 127.0.0.1:56700] PHP Notice:  Undefined index:  in /home/arin/soft-dev/http/vhosts/bingtek/public_html/index.php on line 14, referer: http://www.bingtek.local/index.php?q=home
[Sat Oct 08 16:15:27.138560 2016] [:error] [pid 524] [client 127.0.0.1:56700] PHP Notice:  Undefined index:  in /home/arin/soft-dev/http/vhosts/bingtek/public_html/index.php on line 14, referer: http://www.bingtek.local/index.php?q=about
[Sat Oct 08 16:15:30.013648 2016] [:error] [pid 524] [client 127.0.0.1:56700] PHP Notice:  Undefined index:  in /home/arin/soft-dev/http/vhosts/bingtek/public_html/index.php on line 14, referer: http://www.bingtek.local/index.php?q=about
[Sat Oct 08 16:15:33.336832 2016] [:error] [pid 524] [client 127.0.0.1:56700] PHP Notice:  Undefined index:  in /home/arin/soft-dev/http/vhosts/bingtek/public_html/index.php on line 14, referer: http://www.bingtek.local/index.php?q=home
[Sat Oct 08 16:15:37.444843 2016] [:error] [pid 524] [client 127.0.0.1:56700] PHP Notice:  Undefined index:  in /home/arin/soft-dev/http/vhosts/bingtek/public_html/index.php on line 14, referer: http://www.bingtek.local/index.php?q=about
[Sat Oct 08 16:15:40.002647 2016] [:error] [pid 524] [client 127.0.0.1:56700] PHP Notice:  Undefined index:  in /home/arin/soft-dev/http/vhosts/bingtek/public_html/index.php on line 14, referer: http://www.bingtek.local/index.php?q=about
[Sat Oct 08 16:17:55.949288 2016] [:error] [pid 525] [client 127.0.0.1:56726] PHP Warning:  require(../views/second.php): failed to open stream: No such file or directory in /home/arin/soft-dev/http/vhosts/bingtek/public_html/index.php on line 26, referer: http://www.bingtek.local/index.php?q=first-ps
[Sat Oct 08 16:17:55.949398 2016] [:error] [pid 525] [client 127.0.0.1:56726] PHP Fatal error:  require(): Failed opening required '../views/second.php' (include_path='.:') in /home/arin/soft-dev/http/vhosts/bingtek/public_html/index.php on line 26, referer: http://www.bingtek.local/index.php?q=first-ps
[Sat Oct 08 16:18:30.135420 2016] [:error] [pid 4510] [client 127.0.0.1:56734] PHP Warning:  require(../views/login.php): failed to open stream: No such file or directory in /home/arin/soft-dev/http/vhosts/bingtek/public_html/index.php on line 35, referer: http://www.bingtek.local/index.php?q=fourth-ps
[Sat Oct 08 16:18:30.135507 2016] [:error] [pid 4510] [client 127.0.0.1:56734] PHP Fatal error:  require(): Failed opening required '../views/login.php' (include_path='.:') in /home/arin/soft-dev/http/vhosts/bingtek/public_html/index.php on line 35, referer: http://www.bingtek.local/index.php?q=fourth-ps
[Sat Oct 08 16:20:50.967153 2016] [:error] [pid 4619] [client 127.0.0.1:56776] PHP Notice:  Undefined index: q in /home/arin/soft-dev/http/vhosts/bingtek/public_html/index.php on line 14
[Sat Oct 08 16:28:01.323710 2016] [:error] [pid 523] [client 127.0.0.1:56784] PHP Notice:  Undefined index: q in /home/arin/soft-dev/http/vhosts/bingtek/public_html/index.php on line 7
[Sat Oct 08 16:28:01.323878 2016] [:error] [pid 523] [client 127.0.0.1:56784] PHP Notice:  Undefined index: q in /home/arin/soft-dev/http/vhosts/bingtek/public_html/index.php on line 47
